ESP-ROM:esp32s3-20210327
Build:Mar 27 2021
rst:0x1 (POWERON),boot:0x2b (SPI_FAST_FLASH_BOOT)
SPIWP:0xee
mode:DIO, clock div:1
load:0x3fce2810,len:0x1870
load:0x403c8700,len:0x4
load:0x403c8704,len:0xce8
load:0x403cb700,len:0x2ed8
entry 0x403c8918
[0;32mI (27) boot: ESP-IDF v5.3.3 2nd stage bootloader[0m
[0;32mI (27) boot: compile time Jul 22 2025 11:25:27[0m
[0;32mI (27) boot: Multicore bootloader[0m
[0;32mI (30) boot: chip revision: v0.2[0m
[0;32mI (34) boot: efuse block revision: v1.3[0m
[0;32mI (38) boot.esp32s3: Boot SPI Speed : 80MHz[0m
[0;32mI (43) boot.esp32s3: SPI Mode       : DIO[0m
[0;32mI (48) boot.esp32s3: SPI Flash Size : 2MB[0m
[0;32mI (53) boot: Enabling RNG early entropy source...[0m
[0;32mI (58) boot: Partition Table:[0m
[0;32mI (62) boot: ## Label            Usage          Type ST Offset   Length[0m
[0;32mI (69) boot:  0 nvs              WiFi data        01 02 00009000 00006000[0m
[0;32mI (76) boot:  1 phy_init         RF data          01 01 0000f000 00001000[0m
[0;32mI (84) boot:  2 factory          factory app      00 00 00010000 00100000[0m
[0;32mI (91) boot: End of partition table[0m
[0;32mI (95) esp_image: segment 0: paddr=00010020 vaddr=3c030020 size=0f228h ( 61992) map[0m
[0;32mI (115) esp_image: segment 1: paddr=0001f250 vaddr=3fc95000 size=00dc8h (  3528) load[0m
[0;32mI (116) esp_image: segment 2: paddr=00020020 vaddr=42000020 size=286f8h (165624) map[0m
[0;32mI (150) esp_image: segment 3: paddr=00048720 vaddr=3fc95dc8 size=046b0h ( 18096) load[0m
[0;32mI (154) esp_image: segment 4: paddr=0004cdd8 vaddr=40374000 size=10f00h ( 69376) load[0m
[0;32mI (178) boot: Loaded app from partition at offset 0x10000[0m
[0;32mI (178) boot: Disabling RNG early entropy source...[0m
[0;31mE (190) quad_psram: PSRAM ID read error: 0x00ffffff, PSRAM chip not found or not supported, or wrong PSRAM line mode[0m
E cpu_start: Failed to init external RAM!

abort() was called at PC 0x40375669 on core 0


Backtrace: 0x40375d4a:0x3fceb220 0x4037bfc5:0x3fceb240 0x40382df5:0x3fceb260 0x40375669:0x3fceb2d0 0x403cca24:0x3fceb340 0x403cce45:0x3fceb380 0x403c8981:0x3fceb4b0 0x40045c01:0x3fceb570 0x40043ab6:0x3fceb6f0 0x40034c45:0x3fceb710




ELF file SHA256: 

Rebooting...
ï¿½ï¿½ï¿½ESP-ROM:esp32s3-20210327
Build:Mar 27 2021
rst:0xc (RTC_SW_CPU_RST),boot:0x2b (SPI_FAST_FLASH_BOOT)
Saved PC:0x40375c84
SPIWP:0xee
mode:DIO, clock div:1
load:0x3fce2810,len:0x1870
load:0x403c8700,len:0x4
load:0x403c8704,len:0xce8
load:0x403cb700,len:0x2ed8
entry 0x403c8918
[0;32mI (31) boot: ESP-IDF v5.3.3 2nd stage bootloader[0m
[0;32mI (31) boot: compile time Jul 22 2025 11:25:27[0m
[0;32mI (31) boot: Multicore bootloader[0m
[0;32mI (34) boot: chip revision: v0.2[0m
[0;32mI (38) boot: efuse block revision: v1.3[0m
[0;32mI (43) boot.esp32s3: Boot SPI Speed : 80MHz[0m
[0;32mI (48) boot.esp32s3: SPI Mode       : DIO[0m
[0;32mI (52) boot.esp32s3: SPI Flash Size : 2MB[0m
[0;32mI (57) boot: Enabling RNG early entropy source...[0m
[0;32mI (62) boot: Partition Table:[0m
[0;32mI (66) boot: ## Label            Usage          Type ST Offset   Length[0m
[0;32mI (73) boot:  0 nvs              WiFi data        01 02 00009000 00006000[0m
[0;32mI (81) boot:  1 phy_init         RF data          01 01 0000f000 00001000[0m
[0;32mI (88) boot:  2 factory          factory app      00 00 00010000 00100000[0m
[0;32mI (96) boot: End of partition table[0m
[0;32mI (100) esp_image: segment 0: paddr=00010020 vaddr=3c030020 size=0f228h ( 61992) map[0m
[0;32mI (119) esp_image: segment 1: paddr=0001f250 vaddr=3fc95000 size=00dc8h (  3528) load[0m
[0;32mI (120) esp_image: segment 2: paddr=00020020 vaddr=42000020 size=286f8h (165624) map[0m
[0;32mI (154) esp_image: segment 3: paddr=00048720 vaddr=3fc95dc8 size=046b0h ( 18096) load[0m
[0;32mI (158) esp_image: segment 4: paddr=0004cdd8 vaddr=40374000 size=10f00h ( 69376) load[0m
[0;32mI (183) boot: Loaded app from partition at offset 0x10000[0m
[0;32mI (183) boot: Disabling RNG early entropy source...[0m
[0;31mE (195) quad_psram: PSRAM ID read error: 0x00ffffff, PSRAM chip not found or not supported, or wrong PSRAM line mode[0m
E cpu_start: Failed to init external RAM!

abort() was called at PC 0x40375669 on core 0


Backtrace: 0x40375d4a:0x3fceb220 0x4037bfc5:0x3fceb240 0x40382df5:0x3fceb260 0x40375669:0x3fceb2d0 0x403cca24:0x3fceb340 0x403cce45:0x3fceb380 0x403c8981:0x3fceb4b0 0x40045c01:0x3fceb570 0x40043ab6:0x3fceb6f0 0x40034c45:0x3fceb710




ELF file SHA256: 

Rebooting...
ESP-ROM:esp32s3-20210327
Build:Mar 27 2021
rst:0xc (RTC_SW_CPU_RST),boot:0x2b (SPI_FAST_FLASH_BOOT)
Saved PC:0x40375c84
SPIWP:0xee
mode:DIO, clock div:1
load:0x3fce2810,len:0x1870
load:0x403c8700,len:0x4
load:0x403c8704,len:0xce8
load:0x403cb700,len:0x2ed8
entry 0x403c8918
[0;32mI (31) boot: ESP-IDF v5.3.3 2nd stage bootloader[0m
[0;32mI (31) boot: compile time Jul 22 2025 11:25:27[0m
[0;32mI (31) boot: Multicore bootloader[0m
[0;32mI (34) boot: chip revision: v0.2[0m
[0;32mI (38) boot: efuse block revision: v1.3[0m
[0;32mI (43) boot.esp32s3: Boot SPI Speed : 80MHz[0m
[0;32mI (48) boot.esp32s3: SPI Mode       : DIO[0m
[0;32mI (52) boot.esp32s3: SPI Flash Size : 2MB[0m
[0;32mI (57) boot: Enabling RNG early entropy source...[0m
[0;32mI (62) boot: Partition Table:[0m
[0;32mI (66) boot: ## Label            Usage          Type ST Offset   Length[0m
[0;32mI (73) boot:  0 nvs              WiFi data        01 02 00009000 00006000[0m
[0;32mI (81) boot:  1 phy_init         RF data          01 01 0000f000 00001000[0m
[0;32mI (88) boot:  2 factory          factory app      00 00 00010000 00100000[0m
[0;32mI (96) boot: End of partition table[0m
[0;32mI (100) esp_image: segment 0: paddr=00010020 vaddr=3c030020 size=0f228h ( 61992) map[0m
[0;32mI (119) esp_image: segment 1: paddr=0001f250 vaddr=3fc95000 size=00dc8h (  3528) load[0m
[0;32mI (120) esp_image: segment 2: paddr=00020020 vaddr=42000020 size=286f8h (165624) map[0m
[0;32mI (154) esp_image: segment 3: paddr=00048720 vaddr=3fc95dc8 size=046b0h ( 18096) load[0m
[0;32mI (158) esp_image: segment 4: paddr=0004cdd8 vaddr=40374000 size=10f00h ( 69376) load[0m
[0;32mI (183) boot: Loaded app from partition at offset 0x10000[0m
[0;32mI (183) boot: Disabling RNG early entropy source...[0m
[0;31mE (195) quad_psram: PSRAM ID read error: 0x00ffffff, PSRAM chip not found or not supported, or wrong PSRAM line mode[0m
E cpu_start: Failed to init external RAM!

abort() was called at PC 0x40375669 on core 0


Backtrace: 0x40375d4a:0x3fceb220 0x4037bfc5:0x3fceb240 0x40382df5:0x3fceb260 0x40375669:0x3fceb2d0 0x403cca24:0x3fceb340 0x403cce45:0x3fceb380 0x403c8981:0x3fceb4b0 0x40045c01:0x3fceb570 0x40043ab6:0x3fceb6f0 0x40034c45:0x3fceb710




ELF file SHA256: 

Rebooting...
ESP-ROM:esp32s3-20210327
Build:Mar 27 2021
rst:0xc (RTC_SW_CPU_RST),boot:0x2b (SPI_FAST_FLASH_BOOT)
Saved PC:0x40375c84
SPIWP:0xee
mode:DIO, clock div:1
load:0x3fce2810,len:0x1870
load:0x403c8700,len:0x4
load:0x403c8704,len:0xce8
load:0x403cb700,len:0x2ed8
entry 0x403c8918
[0;32mI (31) boot: ESP-IDF v5.3.3 2nd stage bootloader[0m
[0;32mI (31) boot: compile time Jul 22 2025 11:25:27[0m
[0;32mI (31) boot: Multicore bootloader[0m
[0;32mI (34) boot: chip revision: v0.2[0m
[0;32mI (38) boot: efuse block revision: v1.3[0m
[0;32mI (43) boot.esp32s3: Boot SPI Speed : 80MHz[0m
[0;32mI (48) boot.esp32s3: SPI Mode       : DIO[0m
[0;32mI (52) boot.esp32s3: SPI Flash Size : 2MB[0m
[0;32mI (57) boot: Enabling RNG early entropy source...[0m
[0;32mI (62) boot: Partition Table:[0m
[0;32mI (66) boot: ## Label            Usage          Type ST Offset   Length[0m
[0;32mI (73) boot:  0 nvs              WiFi data        01 02 00009000 00006000[0m
[0;32mI (81) boot:  1 phy_init         RF data          01 01 0000f000 00001000[0m
[0;32mI (88) boot:  2 factory          factory app      00 00 00010000 00100000[0m
[0;32mI (96) boot: End of partition table[0m
[0;32mI (100) esp_image: segment 0: paddr=00010020 vaddr=3c030020 size=0f228h ( 61992) map[0m
[0;32mI (119) esp_image: segment 1: paddr=0001f250 vaddr=3fc95000 size=00dc8h (  3528) load[0m
[0;32mI (120) esp_image: segment 2: paddr=00020020 vaddr=42000020 size=286f8h (165624) map[0m
[0;32mI (154) esp_image: segment 3: paddr=00048720 vaddr=3fc95dc8 size=046b0h ( 18096) load[0m
[0;32mI (158) esp_image: segment 4: paddr=0004cdd8 vaddr=40374000 size=10f00h ( 69376) load[0m
[0;32mI (183) boot: Loaded app from partition at offset 0x10000[0m
[0;32mI (183) boot: Disabling RNG early entropy source...[0m
[0;31mE (195) quad_psram: PSRAM ID read error: 0x00ffffff, PSRAM chip not found or not supported, or wrong PSRAM line mode[0m
E cpu_start: Failed to init external RAM!

abort() was called at PC 0x40375669 on core 0


Backtrace: 0x40375d4a:0x3fceb220 0x4037bfc5:0x3fceb240 0x40382df5:0x3fceb260 0x40375669:0x3fceb2d0 0x403cca24:0x3fceb340 0x403cce45:0x3fceb380 0x403c8981:0x3fceb4b0 0x40045c01:0x3fceb570 0x40043ab6:0x3fceb6f0 0x40034c45:0x3fceb710




ELF file SHA256: 

Rebooting...
ESP-ROM:esp32s3-20210327
Build:Mar 27 2021
rst:0xc (RTC_SW_CPU_RST),boot:0x2b (SPI_FAST_FLASH_BOOT)
Saved PC:0x40375c84
SPIWP:0xee
mode:DIO, clock div:1
load:0x3fce2810,len:0x1870
load:0x403c8700,len:0x4
load:0x403c8704,len:0xce8
load:0x403cb700,len:0x2ed8
entry 0x403c8918
[0;32mI (31) boot: ESP-IDF v5.3.3 2nd stage bootloader[0m
[0;32mI (31) boot: compile time Jul 22 2025 11:25:27[0m
[0;32mI (31) boot: Multicore bootloader[0m
[0;32mI (34) boot: chip revision: v0.2[0m
[0;32mI (38) boot: efuse block revision: v1.3[0m
[0;32mI (43) boot.esp32s3: Boot SPI Speed : 80MHz[0m
[0;32mI (48) boot.esp32s3: SPI Mode       : DIO[0m
[0;32mI (52) boot.esp32s3: SPI Flash Size : 2MB[0m
[0;32mI (57) boot: Enabling RNG early entropy source...[0m
[0;32mI (62) boot: Partition Table:[0m
[0;32mI (66) boot: ## Label            Usage          Type ST Offset   Length[0m
[0;32mI (73) boot:  0 nvs              WiFi data        01 02 00009000 00006000[0m
[0;32mI (81) boot:  1 phy_init         RF data          01 01 0000f000 00001000[0m
[0;32mI (88) boot:  2 factory          factory app      00 00 00010000 00100000[0m
[0;32mI (96) boot: End of partition table[0m
[0;32mI (100) esp_image: segment 0: paddr=00010020 vaddr=3c030020 size=0f228h ( 61992) map[0m
[0;32mI (119) esp_image: segment 1: paddr=0001f250 vaddr=3fc95000 size=00dc8h (  3528) load[0m
[0;32mI (120) esp_image: segment 2: paddr=00020020 vaddr=42000020 size=286f8h (165624) map[0m
[0;32mI (154) esp_image: segment 3: paddr=00048720 vaddr=3fc95dc8 size=046b0h ( 18096) load[0m
[0;32mI (158) esp_image: segment 4: paddr=0004cdd8 vaddr=40374000 size=10f00h ( 69376) load[0m
[0;32mI (183) boot: Loaded app from partition at offset 0x10000[0m
[0;32mI (183) boot: Disabling RNG early entropy source...[0m
[0;31mE (195) quad_psram: PSRAM ID read error: 0x00ffffff, PSRAM chip not found or not supported, or wrong PSRAM line mode[0m
E cpu_start: Failed to init external RAM!

abort() was called at PC 0x40375669 on core 0


Backtrace: 0x40375d4a:0x3fceb220 0x4037bfc5:0x3fceb240 0x40382df5:0x3fceb260 0x40375669:0x3fceb2d0 0x403cca24:0x3fceb340 0x403cce45:0x3fceb380 0x403c8981:0x3fceb4b0 0x40045c01:0x3fceb570 0x40043ab6:0x3fceb6f0 0x40034c45:0x3fceb710




ELF file SHA256: 

Rebooting...
ESP-ROM:esp32s3-20210327
Build:Mar 27 2021
rst:0xc (RTC_SW_CPU_RST),boot:0x2b (SPI_FAST_FLASH_BOOT)
Saved PC:0x40375c84
SPIWP:0xee
mode:DIO, clock div:1
load:0x3fce2810,len:0x1870
load:0x403c8700,len:0x4
load:0x403c8704,len:0xce8
load:0x403cb700,len:0x2ed8
entry 0x403c8918
[0;32mI (31) boot: ESP-IDF v5.3.3 2nd stage bootloader[0m
[0;32mI (31) boot: compile time Jul 22 2025 11:25:27[0m
[0;32mI (31) boot: Multicore bootloader[0m
[0;32mI (34) boot: chip revision: v0.2[0m
[0;32mI (38) boot: efuse block revision: v1.3[0m
[0;32mI (43) boot.esp32s3: Boot SPI Speed : 80MHz[0m
[0;32mI (48) boot.esp32s3: SPI Mode       : DIO[0m
[0;32mI (52) boot.esp32s3: SPI Flash Size : 2MB[0m
[0;32mI (57) boot: Enabling RNG early entropy source...[0m
[0;32mI (62) boot: Partition Table:[0m
[0;32mI (66) boot: ## Label            Usage          Type ST Offset   Length[0m
[0;32mI (73) boot:  0 nvs              WiFi data        01 02 00009000 00006000[0m
[0;32mI (81) boot:  1 phy_init         RF data          01 01 0000f000 00001000[0m
[0;32mI (88) boot:  2 factory          factory app      00 00 00010000 00100000[0m
[0;32mI (96) boot: End of partition table[0m
[0;32mI (100) esp_image: segment 0: paddr=00010020 vaddr=3c030020 size=0f228h ( 61992) map[0m
[0;32mI (119) esp_image: segment 1: paddr=0001f250 vaddr=3fc95000 size=00dc8h (  3528) load[0m
[0;32mI (120) esp_image: segment 2: paddr=00020020 vaddr=42000020 size=286f8h (165624) map[0m
[0;32mI (154) esp_image: segment 3: paddr=00048720 vaddr=3fc95dc8 size=046b0h ( 18096) load[0m
[0;32mI (158) esp_image: segment 4: paddr=0004cdd8 vaddr=40374000 size=10f00h ( 69376) load[0m
[0;32mI (183) boot: Loaded app from partition at offset 0x10000[0m
[0;32mI (183) boot: Disabling RNG early entropy source...[0m
[0;31mE (195) quad_psram: PSRAM ID read error: 0x00ffffff, PSRAM chip not found or not supported, or wrong PSRAM line mode[0m
E cpu_start: Failed to init external RAM!

abort() was called at PC 0x40375669 on core 0


Backtrace: 0x40375d4a:0x3fceb220 0x4037bfc5:0x3fceb240 0x40382df5:0x3fceb260 0x40375669:0x3fceb2d0 0x403cca24:0x3fceb340 0x403cce45:0x3fceb380 0x403c8981:0x3fceb4b0 0x40045c01:0x3fceb570 0x40043ab6:0x3fceb6f0 0x40034c45:0x3fceb710




ELF file SHA256: 

Rebooting...
ESP-ROM:esp32s3-20210327
Build:Mar 27 2021
rst:0xc (RTC_SW_CPU_RST),boot:0x2b (SPI_FAST_FLASH_BOOT)
Saved PC:0x40375c84
SPIWP:0xee
mode:DIO, clock div:1
load:0x3fce2810,len:0x1870
load:0x403c8700,len:0x4
load:0x403c8704,len:0xce8
load:0x403cb700,len:0x2ed8
entry 0x403c8918
[0;32mI (31) boot: ESP-IDF v5.3.3 2nd stage bootloader[0m
[0;32mI (31) boot: compile time Jul 22 2025 11:25:27[0m
[0;32mI (31) boot: Multicore bootloader[0m
[0;32mI (34) boot: chip revision: v0.2[0m
[0;32mI (38) boot: efuse block revision: v1.3[0m
[0;32mI (43) boot.esp32s3: Boot SPI Speed : 80MHz[0m
[0;32mI (48) boot.esp32s3: SPI Mode       : DIO[0m
[0;32mI (52) boot.esp32s3: SPI Flash Size : 2MB[0m
[0;32mI (57) boot: Enabling RNG early entropy source...[0m
